// Jest Snapshot v1, https://goo.gl/fbAQLP

exports[`<FeatureTableComparison/> should render the FeatureTableComparison component 1`] = `
<DocumentFragment>
  <div
    class="css-5oi0tj"
  >
    <h2
      class="chakra-heading css-17pfrz0"
    >
      Product comparison by feature
    </h2>
    <div
      class="css-q3kta9"
    >
      <h3
        class="chakra-heading css-1uy7oy0"
      >
        Networking
      </h3>
      <div
        class="chakra-table__container css-zipzvv"
      >
        <table
          class="chakra-table css-18fkk1m"
          role="table"
        >
          <thead
            class="css-0"
          >
            <tr
              class="css-0"
              role="row"
            >
              <th
                class="css-0"
              />
              <th
                class="css-hm6fgw"
              >
                Calico Open Source
              </th>
              <th
                class="css-hm6fgw"
              >
                Calico Enterprise
              </th>
              <th
                class="css-hm6fgw"
              >
                Calico Cloud
              </th>
            </tr>
          </thead>
          <tbody
            class="css-0"
          >
            <tr
              class="css-0"
              role="row"
            >
              <td
                class="css-1l7w1il"
                role="gridcell"
              >
                High-performance, scalable pod networking
              </td>
              <td
                class="css-1ai0fqu"
                role="gridcell"
              >
                <svg
                  class="chakra-icon css-1n9hd9c"
                  focusable="false"
                  viewBox="0 0 14 14"
                >
                  <g
                    fill="currentColor"
                  >
                    <polygon
                      points="5.5 11.9993304 14 3.49933039 12.5 2 5.5 8.99933039 1.5 4.9968652 0 6.49933039"
                    />
                  </g>
                </svg>
              </td>
              <td
                class="css-1ai0fqu"
                role="gridcell"
              >
                <svg
                  class="chakra-icon css-1n9hd9c"
                  focusable="false"
                  viewBox="0 0 14 14"
                >
                  <g
                    fill="currentColor"
                  >
                    <polygon
                      points="5.5 11.9993304 14 3.49933039 12.5 2 5.5 8.99933039 1.5 4.9968652 0 6.49933039"
                    />
                  </g>
                </svg>
              </td>
              <td
                class="css-1ai0fqu"
                role="gridcell"
              >
                <svg
                  class="chakra-icon css-1n9hd9c"
                  focusable="false"
                  viewBox="0 0 14 14"
                >
                  <g
                    fill="currentColor"
                  >
                    <polygon
                      points="5.5 11.9993304 14 3.49933039 12.5 2 5.5 8.99933039 1.5 4.9968652 0 6.49933039"
                    />
                  </g>
                </svg>
              </td>
            </tr>
            <tr
              class="css-0"
              role="row"
            >
              <td
                class="css-1l7w1il"
                role="gridcell"
              >
                Advanced IP address management
              </td>
              <td
                class="css-1ai0fqu"
                role="gridcell"
              >
                <svg
                  class="chakra-icon css-1n9hd9c"
                  focusable="false"
                  viewBox="0 0 14 14"
                >
                  <g
                    fill="currentColor"
                  >
                    <polygon
                      points="5.5 11.9993304 14 3.49933039 12.5 2 5.5 8.99933039 1.5 4.9968652 0 6.49933039"
                    />
                  </g>
                </svg>
              </td>
              <td
                class="css-1ai0fqu"
                role="gridcell"
              >
                <svg
                  class="chakra-icon css-1n9hd9c"
                  focusable="false"
                  viewBox="0 0 14 14"
                >
                  <g
                    fill="currentColor"
                  >
                    <polygon
                      points="5.5 11.9993304 14 3.49933039 12.5 2 5.5 8.99933039 1.5 4.9968652 0 6.49933039"
                    />
                  </g>
                </svg>
              </td>
              <td
                class="css-1ai0fqu"
                role="gridcell"
              >
                <svg
                  class="chakra-icon css-1n9hd9c"
                  focusable="false"
                  viewBox="0 0 14 14"
                >
                  <g
                    fill="currentColor"
                  >
                    <polygon
                      points="5.5 11.9993304 14 3.49933039 12.5 2 5.5 8.99933039 1.5 4.9968652 0 6.49933039"
                    />
                  </g>
                </svg>
              </td>
            </tr>
            <tr
              class="css-0"
              role="row"
            >
              <td
                class="css-1l7w1il"
                role="gridcell"
              >
                Direct infrastructure peering without the overlay
              </td>
              <td
                class="css-1ai0fqu"
                role="gridcell"
              >
                <svg
                  class="chakra-icon css-1n9hd9c"
                  focusable="false"
                  viewBox="0 0 14 14"
                >
                  <g
                    fill="currentColor"
                  >
                    <polygon
                      points="5.5 11.9993304 14 3.49933039 12.5 2 5.5 8.99933039 1.5 4.9968652 0 6.49933039"
                    />
                  </g>
                </svg>
              </td>
              <td
                class="css-1ai0fqu"
                role="gridcell"
              >
                <svg
                  class="chakra-icon css-1n9hd9c"
                  focusable="false"
                  viewBox="0 0 14 14"
                >
                  <g
                    fill="currentColor"
                  >
                    <polygon
                      points="5.5 11.9993304 14 3.49933039 12.5 2 5.5 8.99933039 1.5 4.9968652 0 6.49933039"
                    />
                  </g>
                </svg>
              </td>
              <td
                class="css-1ai0fqu"
                role="gridcell"
              >
                <svg
                  class="chakra-icon css-1n9hd9c"
                  focusable="false"
                  viewBox="0 0 14 14"
                >
                  <g
                    fill="currentColor"
                  >
                    <polygon
                      points="5.5 11.9993304 14 3.49933039 12.5 2 5.5 8.99933039 1.5 4.9968652 0 6.49933039"
                    />
                  </g>
                </svg>
              </td>
            </tr>
            <tr
              class="css-0"
              role="row"
            >
              <td
                class="css-1l7w1il"
                role="gridcell"
              >
                Dual ToR peering
              </td>
              <td
                class="css-1ai0fqu"
                role="gridcell"
              />
              <td
                class="css-1ai0fqu"
                role="gridcell"
              >
                <svg
                  class="chakra-icon css-1n9hd9c"
                  focusable="false"
                  viewBox="0 0 14 14"
                >
                  <g
                    fill="currentColor"
                  >
                    <polygon
                      points="5.5 11.9993304 14 3.49933039 12.5 2 5.5 8.99933039 1.5 4.9968652 0 6.49933039"
                    />
                  </g>
                </svg>
              </td>
              <td
                class="css-1ai0fqu"
                role="gridcell"
              >
                <svg
                  class="chakra-icon css-1n9hd9c"
                  focusable="false"
                  viewBox="0 0 14 14"
                >
                  <g
                    fill="currentColor"
                  >
                    <polygon
                      points="5.5 11.9993304 14 3.49933039 12.5 2 5.5 8.99933039 1.5 4.9968652 0 6.49933039"
                    />
                  </g>
                </svg>
              </td>
            </tr>
            <tr
              class="css-0"
              role="row"
            >
              <td
                class="css-1l7w1il"
                role="gridcell"
              >
                Egress gateway
              </td>
              <td
                class="css-1ai0fqu"
                role="gridcell"
              />
              <td
                class="css-1ai0fqu"
                role="gridcell"
              >
                <svg
                  class="chakra-icon css-1n9hd9c"
                  focusable="false"
                  viewBox="0 0 14 14"
                >
                  <g
                    fill="currentColor"
                  >
                    <polygon
                      points="5.5 11.9993304 14 3.49933039 12.5 2 5.5 8.99933039 1.5 4.9968652 0 6.49933039"
                    />
                  </g>
                </svg>
              </td>
              <td
                class="css-1ai0fqu"
                role="gridcell"
              >
                <svg
                  class="chakra-icon css-1n9hd9c"
                  focusable="false"
                  viewBox="0 0 14 14"
                >
                  <g
                    fill="currentColor"
                  >
                    <polygon
                      points="5.5 11.9993304 14 3.49933039 12.5 2 5.5 8.99933039 1.5 4.9968652 0 6.49933039"
                    />
                  </g>
                </svg>
              </td>
            </tr>
            <tr
              class="css-0"
              role="row"
            >
              <td
                class="css-1l7w1il"
                role="gridcell"
              >
                Multiple Calico networks on a pod
              </td>
              <td
                class="css-1ai0fqu"
                role="gridcell"
              />
              <td
                class="css-1ai0fqu"
                role="gridcell"
              >
                <svg
                  class="chakra-icon css-1n9hd9c"
                  focusable="false"
                  viewBox="0 0 14 14"
                >
                  <g
                    fill="currentColor"
                  >
                    <polygon
                      points="5.5 11.9993304 14 3.49933039 12.5 2 5.5 8.99933039 1.5 4.9968652 0 6.49933039"
                    />
                  </g>
                </svg>
              </td>
              <td
                class="css-1ai0fqu"
                role="gridcell"
              >
                <svg
                  class="chakra-icon css-1n9hd9c"
                  focusable="false"
                  viewBox="0 0 14 14"
                >
                  <g
                    fill="currentColor"
                  >
                    <polygon
                      points="5.5 11.9993304 14 3.49933039 12.5 2 5.5 8.99933039 1.5 4.9968652 0 6.49933039"
                    />
                  </g>
                </svg>
              </td>
            </tr>
          </tbody>
        </table>
      </div>
      <h3
        class="chakra-heading css-1uy7oy0"
      >
        Apps, pods, clusters
      </h3>
      <div
        class="chakra-table__container css-zipzvv"
      >
        <table
          class="chakra-table css-18fkk1m"
          role="table"
        >
          <thead
            class="css-0"
          >
            <tr
              class="css-0"
              role="row"
            >
              <th
                class="css-0"
              />
              <th
                class="css-hm6fgw"
              >
                Calico Open Source
              </th>
              <th
                class="css-hm6fgw"
              >
                Calico Enterprise
              </th>
              <th
                class="css-hm6fgw"
              >
                Calico Cloud
              </th>
            </tr>
          </thead>
          <tbody
            class="css-0"
          >
            <tr
              class="css-0"
              role="row"
            >
              <td
                class="css-1l7w1il"
                role="gridcell"
              >
                Seamless support with Kubernetes network policy
              </td>
              <td
                class="css-1ai0fqu"
                role="gridcell"
              >
                <svg
                  class="chakra-icon css-1n9hd9c"
                  focusable="false"
                  viewBox="0 0 14 14"
                >
                  <g
                    fill="currentColor"
                  >
                    <polygon
                      points="5.5 11.9993304 14 3.49933039 12.5 2 5.5 8.99933039 1.5 4.9968652 0 6.49933039"
                    />
                  </g>
                </svg>
              </td>
              <td
                class="css-1ai0fqu"
                role="gridcell"
              >
                <svg
                  class="chakra-icon css-1n9hd9c"
                  focusable="false"
                  viewBox="0 0 14 14"
                >
                  <g
                    fill="currentColor"
                  >
                    <polygon
                      points="5.5 11.9993304 14 3.49933039 12.5 2 5.5 8.99933039 1.5 4.9968652 0 6.49933039"
                    />
                  </g>
                </svg>
              </td>
              <td
                class="css-1ai0fqu"
                role="gridcell"
              >
                <svg
                  class="chakra-icon css-1n9hd9c"
                  focusable="false"
                  viewBox="0 0 14 14"
                >
                  <g
                    fill="currentColor"
                  >
                    <polygon
                      points="5.5 11.9993304 14 3.49933039 12.5 2 5.5 8.99933039 1.5 4.9968652 0 6.49933039"
                    />
                  </g>
                </svg>
              </td>
            </tr>
            <tr
              class="css-0"
              role="row"
            >
              <td
                class="css-1l7w1il"
                role="gridcell"
              >
                Label-based (identity-aware) policy
              </td>
              <td
                class="css-1ai0fqu"
                role="gridcell"
              >
                <svg
                  class="chakra-icon css-1n9hd9c"
                  focusable="false"
                  viewBox="0 0 14 14"
                >
                  <g
                    fill="currentColor"
                  >
                    <polygon
                      points="5.5 11.9993304 14 3.49933039 12.5 2 5.5 8.99933039 1.5 4.9968652 0 6.49933039"
                    />
                  </g>
                </svg>
              </td>
              <td
                class="css-1ai0fqu"
                role="gridcell"
              >
                <svg
                  class="chakra-icon css-1n9hd9c"
                  focusable="false"
                  viewBox="0 0 14 14"
                >
                  <g
                    fill="currentColor"
                  >
                    <polygon
                      points="5.5 11.9993304 14 3.49933039 12.5 2 5.5 8.99933039 1.5 4.9968652 0 6.49933039"
                    />
                  </g>
                </svg>
              </td>
              <td
                class="css-1ai0fqu"
                role="gridcell"
              >
                <svg
                  class="chakra-icon css-1n9hd9c"
                  focusable="false"
                  viewBox="0 0 14 14"
                >
                  <g
                    fill="currentColor"
                  >
                    <polygon
                      points="5.5 11.9993304 14 3.49933039 12.5 2 5.5 8.99933039 1.5 4.9968652 0 6.49933039"
                    />
                  </g>
                </svg>
              </td>
            </tr>
            <tr
              class="css-0"
              role="row"
            >
              <td
                class="css-1l7w1il"
                role="gridcell"
              >
                Namespace and cluster-wide scope 
              </td>
              <td
                class="css-1ai0fqu"
                role="gridcell"
              >
                <svg
                  class="chakra-icon css-1n9hd9c"
                  focusable="false"
                  viewBox="0 0 14 14"
                >
                  <g
                    fill="currentColor"
                  >
                    <polygon
                      points="5.5 11.9993304 14 3.49933039 12.5 2 5.5 8.99933039 1.5 4.9968652 0 6.49933039"
                    />
                  </g>
                </svg>
              </td>
              <td
                class="css-1ai0fqu"
                role="gridcell"
              >
                <svg
                  class="chakra-icon css-1n9hd9c"
                  focusable="false"
                  viewBox="0 0 14 14"
                >
                  <g
                    fill="currentColor"
                  >
                    <polygon
                      points="5.5 11.9993304 14 3.49933039 12.5 2 5.5 8.99933039 1.5 4.9968652 0 6.49933039"
                    />
                  </g>
                </svg>
              </td>
              <td
                class="css-1ai0fqu"
                role="gridcell"
              >
                <svg
                  class="chakra-icon css-1n9hd9c"
                  focusable="false"
                  viewBox="0 0 14 14"
                >
                  <g
                    fill="currentColor"
                  >
                    <polygon
                      points="5.5 11.9993304 14 3.49933039 12.5 2 5.5 8.99933039 1.5 4.9968652 0 6.49933039"
                    />
                  </g>
                </svg>
              </td>
            </tr>
            <tr
              class="css-0"
              role="row"
            >
              <td
                class="css-1l7w1il"
                role="gridcell"
              >
                Global default deny policy design 
              </td>
              <td
                class="css-1ai0fqu"
                role="gridcell"
              >
                <svg
                  class="chakra-icon css-1n9hd9c"
                  focusable="false"
                  viewBox="0 0 14 14"
                >
                  <g
                    fill="currentColor"
                  >
                    <polygon
                      points="5.5 11.9993304 14 3.49933039 12.5 2 5.5 8.99933039 1.5 4.9968652 0 6.49933039"
                    />
                  </g>
                </svg>
              </td>
              <td
                class="css-1ai0fqu"
                role="gridcell"
              >
                <svg
                  class="chakra-icon css-1n9hd9c"
                  focusable="false"
                  viewBox="0 0 14 14"
                >
                  <g
                    fill="currentColor"
                  >
                    <polygon
                      points="5.5 11.9993304 14 3.49933039 12.5 2 5.5 8.99933039 1.5 4.9968652 0 6.49933039"
                    />
                  </g>
                </svg>
              </td>
              <td
                class="css-1ai0fqu"
                role="gridcell"
              >
                <svg
                  class="chakra-icon css-1n9hd9c"
                  focusable="false"
                  viewBox="0 0 14 14"
                >
                  <g
                    fill="currentColor"
                  >
                    <polygon
                      points="5.5 11.9993304 14 3.49933039 12.5 2 5.5 8.99933039 1.5 4.9968652 0 6.49933039"
                    />
                  </g>
                </svg>
              </td>
            </tr>
            <tr
              class="css-0"
              role="row"
            >
              <td
                class="css-1l7w1il"
                role="gridcell"
              >
                Application layer policy
              </td>
              <td
                class="css-1ai0fqu"
                role="gridcell"
              >
                <svg
                  class="chakra-icon css-1n9hd9c"
                  focusable="false"
                  viewBox="0 0 14 14"
                >
                  <g
                    fill="currentColor"
                  >
                    <polygon
                      points="5.5 11.9993304 14 3.49933039 12.5 2 5.5 8.99933039 1.5 4.9968652 0 6.49933039"
                    />
                  </g>
                </svg>
              </td>
              <td
                class="css-1ai0fqu"
                role="gridcell"
              >
                <svg
                  class="chakra-icon css-1n9hd9c"
                  focusable="false"
                  viewBox="0 0 14 14"
                >
                  <g
                    fill="currentColor"
                  >
                    <polygon
                      points="5.5 11.9993304 14 3.49933039 12.5 2 5.5 8.99933039 1.5 4.9968652 0 6.49933039"
                    />
                  </g>
                </svg>
              </td>
              <td
                class="css-1ai0fqu"
                role="gridcell"
              >
                <svg
                  class="chakra-icon css-1n9hd9c"
                  focusable="false"
                  viewBox="0 0 14 14"
                >
                  <g
                    fill="currentColor"
                  >
                    <polygon
                      points="5.5 11.9993304 14 3.49933039 12.5 2 5.5 8.99933039 1.5 4.9968652 0 6.49933039"
                    />
                  </g>
                </svg>
              </td>
            </tr>
            <tr
              class="css-0"
              role="row"
            >
              <td
                class="css-1l7w1il"
                role="gridcell"
              >
                Policy for services
              </td>
              <td
                class="css-1ai0fqu"
                role="gridcell"
              >
                <svg
                  class="chakra-icon css-1n9hd9c"
                  focusable="false"
                  viewBox="0 0 14 14"
                >
                  <g
                    fill="currentColor"
                  >
                    <polygon
                      points="5.5 11.9993304 14 3.49933039 12.5 2 5.5 8.99933039 1.5 4.9968652 0 6.49933039"
                    />
                  </g>
                </svg>
              </td>
              <td
                class="css-1ai0fqu"
                role="gridcell"
              >
                <svg
                  class="chakra-icon css-1n9hd9c"
                  focusable="false"
                  viewBox="0 0 14 14"
                >
                  <g
                    fill="currentColor"
                  >
                    <polygon
                      points="5.5 11.9993304 14 3.49933039 12.5 2 5.5 8.99933039 1.5 4.9968652 0 6.49933039"
                    />
                  </g>
                </svg>
              </td>
              <td
                class="css-1ai0fqu"
                role="gridcell"
              >
                <svg
                  class="chakra-icon css-1n9hd9c"
                  focusable="false"
                  viewBox="0 0 14 14"
                >
                  <g
                    fill="currentColor"
                  >
                    <polygon
                      points="5.5 11.9993304 14 3.49933039 12.5 2 5.5 8.99933039 1.5 4.9968652 0 6.49933039"
                    />
                  </g>
                </svg>
              </td>
            </tr>
            <tr
              class="css-0"
              role="row"
            >
              <td
                class="css-1l7w1il"
                role="gridcell"
              >
                Web UI
              </td>
              <td
                class="css-1ai0fqu"
                role="gridcell"
              />
              <td
                class="css-1ai0fqu"
                role="gridcell"
              >
                <svg
                  class="chakra-icon css-1n9hd9c"
                  focusable="false"
                  viewBox="0 0 14 14"
                >
                  <g
                    fill="currentColor"
                  >
                    <polygon
                      points="5.5 11.9993304 14 3.49933039 12.5 2 5.5 8.99933039 1.5 4.9968652 0 6.49933039"
                    />
                  </g>
                </svg>
              </td>
              <td
                class="css-1ai0fqu"
                role="gridcell"
              >
                <svg
                  class="chakra-icon css-1n9hd9c"
                  focusable="false"
                  viewBox="0 0 14 14"
                >
                  <g
                    fill="currentColor"
                  >
                    <polygon
                      points="5.5 11.9993304 14 3.49933039 12.5 2 5.5 8.99933039 1.5 4.9968652 0 6.49933039"
                    />
                  </g>
                </svg>
              </td>
            </tr>
            <tr
              class="css-0"
              role="row"
            >
              <td
                class="css-1l7w1il"
                role="gridcell"
              >
                Onboarding tutorials and lab cluster
              </td>
              <td
                class="css-1ai0fqu"
                role="gridcell"
              />
              <td
                class="css-1ai0fqu"
                role="gridcell"
              />
              <td
                class="css-1ai0fqu"
                role="gridcell"
              >
                <svg
                  class="chakra-icon css-1n9hd9c"
                  focusable="false"
                  viewBox="0 0 14 14"
                >
                  <g
                    fill="currentColor"
                  >
                    <polygon
                      points="5.5 11.9993304 14 3.49933039 12.5 2 5.5 8.99933039 1.5 4.9968652 0 6.49933039"
                    />
                  </g>
                </svg>
              </td>
            </tr>
            <tr
              class="css-0"
              role="row"
            >
              <td
                class="css-1l7w1il"
                role="gridcell"
              >
                DNS/FQDN-based policy
              </td>
              <td
                class="css-1ai0fqu"
                role="gridcell"
              />
              <td
                class="css-1ai0fqu"
                role="gridcell"
              >
                <svg
                  class="chakra-icon css-1n9hd9c"
                  focusable="false"
                  viewBox="0 0 14 14"
                >
                  <g
                    fill="currentColor"
                  >
                    <polygon
                      points="5.5 11.9993304 14 3.49933039 12.5 2 5.5 8.99933039 1.5 4.9968652 0 6.49933039"
                    />
                  </g>
                </svg>
              </td>
              <td
                class="css-1ai0fqu"
                role="gridcell"
              >
                <svg
                  class="chakra-icon css-1n9hd9c"
                  focusable="false"
                  viewBox="0 0 14 14"
                >
                  <g
                    fill="currentColor"
                  >
                    <polygon
                      points="5.5 11.9993304 14 3.49933039 12.5 2 5.5 8.99933039 1.5 4.9968652 0 6.49933039"
                    />
                  </g>
                </svg>
              </td>
            </tr>
            <tr
              class="css-0"
              role="row"
            >
              <td
                class="css-1l7w1il"
                role="gridcell"
              >
                Hierarchical tiered network policy
              </td>
              <td
                class="css-1ai0fqu"
                role="gridcell"
              />
              <td
                class="css-1ai0fqu"
                role="gridcell"
              >
                <svg
                  class="chakra-icon css-1n9hd9c"
                  focusable="false"
                  viewBox="0 0 14 14"
                >
                  <g
                    fill="currentColor"
                  >
                    <polygon
                      points="5.5 11.9993304 14 3.49933039 12.5 2 5.5 8.99933039 1.5 4.9968652 0 6.49933039"
                    />
                  </g>
                </svg>
              </td>
              <td
                class="css-1ai0fqu"
                role="gridcell"
              >
                <svg
                  class="chakra-icon css-1n9hd9c"
                  focusable="false"
                  viewBox="0 0 14 14"
                >
                  <g
                    fill="currentColor"
                  >
                    <polygon
                      points="5.5 11.9993304 14 3.49933039 12.5 2 5.5 8.99933039 1.5 4.9968652 0 6.49933039"
                    />
                  </g>
                </svg>
              </td>
            </tr>
            <tr
              class="css-0"
              role="row"
            >
              <td
                class="css-1l7w1il"
                role="gridcell"
              >
                Policy recommendations
              </td>
              <td
                class="css-1ai0fqu"
                role="gridcell"
              />
              <td
                class="css-1ai0fqu"
                role="gridcell"
              >
                <svg
                  class="chakra-icon css-1n9hd9c"
                  focusable="false"
                  viewBox="0 0 14 14"
                >
                  <g
                    fill="currentColor"
                  >
                    <polygon
                      points="5.5 11.9993304 14 3.49933039 12.5 2 5.5 8.99933039 1.5 4.9968652 0 6.49933039"
                    />
                  </g>
                </svg>
              </td>
              <td
                class="css-1ai0fqu"
                role="gridcell"
              >
                <svg
                  class="chakra-icon css-1n9hd9c"
                  focusable="false"
                  viewBox="0 0 14 14"
                >
                  <g
                    fill="currentColor"
                  >
                    <polygon
                      points="5.5 11.9993304 14 3.49933039 12.5 2 5.5 8.99933039 1.5 4.9968652 0 6.49933039"
                    />
                  </g>
                </svg>
              </td>
            </tr>
            <tr
              class="css-0"
              role="row"
            >
              <td
                class="css-1l7w1il"
                role="gridcell"
              >
                Preview and staged network policy
              </td>
              <td
                class="css-1ai0fqu"
                role="gridcell"
              />
              <td
                class="css-1ai0fqu"
                role="gridcell"
              >
                <svg
                  class="chakra-icon css-1n9hd9c"
                  focusable="false"
                  viewBox="0 0 14 14"
                >
                  <g
                    fill="currentColor"
                  >
                    <polygon
                      points="5.5 11.9993304 14 3.49933039 12.5 2 5.5 8.99933039 1.5 4.9968652 0 6.49933039"
                    />
                  </g>
                </svg>
              </td>
              <td
                class="css-1ai0fqu"
                role="gridcell"
              >
                <svg
                  class="chakra-icon css-1n9hd9c"
                  focusable="false"
                  viewBox="0 0 14 14"
                >
                  <g
                    fill="currentColor"
                  >
                    <polygon
                      points="5.5 11.9993304 14 3.49933039 12.5 2 5.5 8.99933039 1.5 4.9968652 0 6.49933039"
                    />
                  </g>
                </svg>
              </td>
            </tr>
            <tr
              class="css-0"
              role="row"
            >
              <td
                class="css-1l7w1il"
                role="gridcell"
              >
                Policy integration for third-party firewalls
              </td>
              <td
                class="css-1ai0fqu"
                role="gridcell"
              />
              <td
                class="css-1ai0fqu"
                role="gridcell"
              >
                <svg
                  class="chakra-icon css-1n9hd9c"
                  focusable="false"
                  viewBox="0 0 14 14"
                >
                  <g
                    fill="currentColor"
                  >
                    <polygon
                      points="5.5 11.9993304 14 3.49933039 12.5 2 5.5 8.99933039 1.5 4.9968652 0 6.49933039"
                    />
                  </g>
                </svg>
              </td>
              <td
                class="css-1ai0fqu"
                role="gridcell"
              >
                <svg
                  class="chakra-icon css-1n9hd9c"
                  focusable="false"
                  viewBox="0 0 14 14"
                >
                  <g
                    fill="currentColor"
                  >
                    <polygon
                      points="5.5 11.9993304 14 3.49933039 12.5 2 5.5 8.99933039 1.5 4.9968652 0 6.49933039"
                    />
                  </g>
                </svg>
              </td>
            </tr>
            <tr
              class="css-0"
              role="row"
            >
              <td
                class="css-1l7w1il"
                role="gridcell"
              >
                Network sets to limit IP ranges for egress and ingress traffic to workloads
              </td>
              <td
                class="css-1ai0fqu"
                role="gridcell"
              >
                <svg
                  class="chakra-icon css-1n9hd9c"
                  focusable="false"
                  viewBox="0 0 14 14"
                >
                  <g
                    fill="currentColor"
                  >
                    <polygon
                      points="5.5 11.9993304 14 3.49933039 12.5 2 5.5 8.99933039 1.5 4.9968652 0 6.49933039"
                    />
                  </g>
                </svg>
              </td>
              <td
                class="css-1ai0fqu"
                role="gridcell"
              >
                <svg
                  class="chakra-icon css-1n9hd9c"
                  focusable="false"
                  viewBox="0 0 14 14"
                >
                  <g
                    fill="currentColor"
                  >
                    <polygon
                      points="5.5 11.9993304 14 3.49933039 12.5 2 5.5 8.99933039 1.5 4.9968652 0 6.49933039"
                    />
                  </g>
                </svg>
              </td>
              <td
                class="css-1ai0fqu"
                role="gridcell"
              >
                <svg
                  class="chakra-icon css-1n9hd9c"
                  focusable="false"
                  viewBox="0 0 14 14"
                >
                  <g
                    fill="currentColor"
                  >
                    <polygon
                      points="5.5 11.9993304 14 3.49933039 12.5 2 5.5 8.99933039 1.5 4.9968652 0 6.49933039"
                    />
                  </g>
                </svg>
              </td>
            </tr>
          </tbody>
        </table>
      </div>
      <h3
        class="chakra-heading css-1uy7oy0"
      >
        Data
      </h3>
      <div
        class="chakra-table__container css-zipzvv"
      >
        <table
          class="chakra-table css-18fkk1m"
          role="table"
        >
          <thead
            class="css-0"
          >
            <tr
              class="css-0"
              role="row"
            >
              <th
                class="css-0"
              />
              <th
                class="css-hm6fgw"
              >
                Calico Open Source
              </th>
              <th
                class="css-hm6fgw"
              >
                Calico Enterprise
              </th>
              <th
                class="css-hm6fgw"
              >
                Calico Cloud
              </th>
            </tr>
          </thead>
          <tbody
            class="css-0"
          >
            <tr
              class="css-0"
              role="row"
            >
              <td
                class="css-1l7w1il"
                role="gridcell"
              >
                Data-in-transit encryption for pod traffic using WireGuard
              </td>
              <td
                class="css-1ai0fqu"
                role="gridcell"
              >
                <svg
                  class="chakra-icon css-1n9hd9c"
                  focusable="false"
                  viewBox="0 0 14 14"
                >
                  <g
                    fill="currentColor"
                  >
                    <polygon
                      points="5.5 11.9993304 14 3.49933039 12.5 2 5.5 8.99933039 1.5 4.9968652 0 6.49933039"
                    />
                  </g>
                </svg>
              </td>
              <td
                class="css-1ai0fqu"
                role="gridcell"
              >
                <svg
                  class="chakra-icon css-1n9hd9c"
                  focusable="false"
                  viewBox="0 0 14 14"
                >
                  <g
                    fill="currentColor"
                  >
                    <polygon
                      points="5.5 11.9993304 14 3.49933039 12.5 2 5.5 8.99933039 1.5 4.9968652 0 6.49933039"
                    />
                  </g>
                </svg>
              </td>
              <td
                class="css-1ai0fqu"
                role="gridcell"
              >
                <svg
                  class="chakra-icon css-1n9hd9c"
                  focusable="false"
                  viewBox="0 0 14 14"
                >
                  <g
                    fill="currentColor"
                  >
                    <polygon
                      points="5.5 11.9993304 14 3.49933039 12.5 2 5.5 8.99933039 1.5 4.9968652 0 6.49933039"
                    />
                  </g>
                </svg>
              </td>
            </tr>
            <tr
              class="css-0"
              role="row"
            >
              <td
                class="css-1l7w1il"
                role="gridcell"
              >
                SIEM integration
              </td>
              <td
                class="css-1ai0fqu"
                role="gridcell"
              />
              <td
                class="css-1ai0fqu"
                role="gridcell"
              >
                <svg
                  class="chakra-icon css-1n9hd9c"
                  focusable="false"
                  viewBox="0 0 14 14"
                >
                  <g
                    fill="currentColor"
                  >
                    <polygon
                      points="5.5 11.9993304 14 3.49933039 12.5 2 5.5 8.99933039 1.5 4.9968652 0 6.49933039"
                    />
                  </g>
                </svg>
              </td>
              <td
                class="css-1ai0fqu"
                role="gridcell"
              >
                <svg
                  class="chakra-icon css-1n9hd9c"
                  focusable="false"
                  viewBox="0 0 14 14"
                >
                  <g
                    fill="currentColor"
                  >
                    <polygon
                      points="5.5 11.9993304 14 3.49933039 12.5 2 5.5 8.99933039 1.5 4.9968652 0 6.49933039"
                    />
                  </g>
                </svg>
              </td>
            </tr>
          </tbody>
        </table>
      </div>
      <h3
        class="chakra-heading css-1uy7oy0"
      >
        Non-cluster hosts
      </h3>
      <div
        class="chakra-table__container css-zipzvv"
      >
        <table
          class="chakra-table css-18fkk1m"
          role="table"
        >
          <thead
            class="css-0"
          >
            <tr
              class="css-0"
              role="row"
            >
              <th
                class="css-0"
              />
              <th
                class="css-hm6fgw"
              >
                Calico Open Source
              </th>
              <th
                class="css-hm6fgw"
              >
                Calico Enterprise
              </th>
              <th
                class="css-hm6fgw"
              >
                Calico Cloud
              </th>
            </tr>
          </thead>
          <tbody
            class="css-0"
          >
            <tr
              class="css-0"
              role="row"
            >
              <td
                class="css-1l7w1il"
                role="gridcell"
              >
                Restrict traffic to/from hosts using network policy
              </td>
              <td
                class="css-1ai0fqu"
                role="gridcell"
              >
                <svg
                  class="chakra-icon css-1n9hd9c"
                  focusable="false"
                  viewBox="0 0 14 14"
                >
                  <g
                    fill="currentColor"
                  >
                    <polygon
                      points="5.5 11.9993304 14 3.49933039 12.5 2 5.5 8.99933039 1.5 4.9968652 0 6.49933039"
                    />
                  </g>
                </svg>
              </td>
              <td
                class="css-1ai0fqu"
                role="gridcell"
              >
                <svg
                  class="chakra-icon css-1n9hd9c"
                  focusable="false"
                  viewBox="0 0 14 14"
                >
                  <g
                    fill="currentColor"
                  >
                    <polygon
                      points="5.5 11.9993304 14 3.49933039 12.5 2 5.5 8.99933039 1.5 4.9968652 0 6.49933039"
                    />
                  </g>
                </svg>
              </td>
              <td
                class="css-1ai0fqu"
                role="gridcell"
              />
            </tr>
            <tr
              class="css-0"
              role="row"
            >
              <td
                class="css-1l7w1il"
                role="gridcell"
              >
                Automatic host endpoints
              </td>
              <td
                class="css-1ai0fqu"
                role="gridcell"
              >
                <svg
                  class="chakra-icon css-1n9hd9c"
                  focusable="false"
                  viewBox="0 0 14 14"
                >
                  <g
                    fill="currentColor"
                  >
                    <polygon
                      points="5.5 11.9993304 14 3.49933039 12.5 2 5.5 8.99933039 1.5 4.9968652 0 6.49933039"
                    />
                  </g>
                </svg>
              </td>
              <td
                class="css-1ai0fqu"
                role="gridcell"
              >
                <svg
                  class="chakra-icon css-1n9hd9c"
                  focusable="false"
                  viewBox="0 0 14 14"
                >
                  <g
                    fill="currentColor"
                  >
                    <polygon
                      points="5.5 11.9993304 14 3.49933039 12.5 2 5.5 8.99933039 1.5 4.9968652 0 6.49933039"
                    />
                  </g>
                </svg>
              </td>
              <td
                class="css-1ai0fqu"
                role="gridcell"
              />
            </tr>
            <tr
              class="css-0"
              role="row"
            >
              <td
                class="css-1l7w1il"
                role="gridcell"
              >
                Secure Kubernetes nodes with host endpoints managed by Calico
              </td>
              <td
                class="css-1ai0fqu"
                role="gridcell"
              >
                <svg
                  class="chakra-icon css-1n9hd9c"
                  focusable="false"
                  viewBox="0 0 14 14"
                >
                  <g
                    fill="currentColor"
                  >
                    <polygon
                      points="5.5 11.9993304 14 3.49933039 12.5 2 5.5 8.99933039 1.5 4.9968652 0 6.49933039"
                    />
                  </g>
                </svg>
              </td>
              <td
                class="css-1ai0fqu"
                role="gridcell"
              >
                <svg
                  class="chakra-icon css-1n9hd9c"
                  focusable="false"
                  viewBox="0 0 14 14"
                >
                  <g
                    fill="currentColor"
                  >
                    <polygon
                      points="5.5 11.9993304 14 3.49933039 12.5 2 5.5 8.99933039 1.5 4.9968652 0 6.49933039"
                    />
                  </g>
                </svg>
              </td>
              <td
                class="css-1ai0fqu"
                role="gridcell"
              >
                <svg
                  class="chakra-icon css-1n9hd9c"
                  focusable="false"
                  viewBox="0 0 14 14"
                >
                  <g
                    fill="currentColor"
                  >
                    <polygon
                      points="5.5 11.9993304 14 3.49933039 12.5 2 5.5 8.99933039 1.5 4.9968652 0 6.49933039"
                    />
                  </g>
                </svg>
              </td>
            </tr>
            <tr
              class="css-0"
              role="row"
            >
              <td
                class="css-1l7w1il"
                role="gridcell"
              >
                Apply policy to host-forwarded traffic 
              </td>
              <td
                class="css-1ai0fqu"
                role="gridcell"
              >
                <svg
                  class="chakra-icon css-1n9hd9c"
                  focusable="false"
                  viewBox="0 0 14 14"
                >
                  <g
                    fill="currentColor"
                  >
                    <polygon
                      points="5.5 11.9993304 14 3.49933039 12.5 2 5.5 8.99933039 1.5 4.9968652 0 6.49933039"
                    />
                  </g>
                </svg>
              </td>
              <td
                class="css-1ai0fqu"
                role="gridcell"
              >
                <svg
                  class="chakra-icon css-1n9hd9c"
                  focusable="false"
                  viewBox="0 0 14 14"
                >
                  <g
                    fill="currentColor"
                  >
                    <polygon
                      points="5.5 11.9993304 14 3.49933039 12.5 2 5.5 8.99933039 1.5 4.9968652 0 6.49933039"
                    />
                  </g>
                </svg>
              </td>
              <td
                class="css-1ai0fqu"
                role="gridcell"
              >
                <svg
                  class="chakra-icon css-1n9hd9c"
                  focusable="false"
                  viewBox="0 0 14 14"
                >
                  <g
                    fill="currentColor"
                  >
                    <polygon
                      points="5.5 11.9993304 14 3.49933039 12.5 2 5.5 8.99933039 1.5 4.9968652 0 6.49933039"
                    />
                  </g>
                </svg>
              </td>
            </tr>
          </tbody>
        </table>
      </div>
      <h3
        class="chakra-heading css-1uy7oy0"
      >
        Dataplane
      </h3>
      <div
        class="chakra-table__container css-zipzvv"
      >
        <table
          class="chakra-table css-18fkk1m"
          role="table"
        >
          <thead
            class="css-0"
          >
            <tr
              class="css-0"
              role="row"
            >
              <th
                class="css-0"
              />
              <th
                class="css-hm6fgw"
              >
                Calico Open Source
              </th>
              <th
                class="css-hm6fgw"
              >
                Calico Enterprise
              </th>
              <th
                class="css-hm6fgw"
              >
                Calico Cloud
              </th>
            </tr>
          </thead>
          <tbody
            class="css-0"
          >
            <tr
              class="css-0"
              role="row"
            >
              <td
                class="css-1l7w1il"
                role="gridcell"
              >
                eBPF
              </td>
              <td
                class="css-1ai0fqu"
                role="gridcell"
              >
                <svg
                  class="chakra-icon css-1n9hd9c"
                  focusable="false"
                  viewBox="0 0 14 14"
                >
                  <g
                    fill="currentColor"
                  >
                    <polygon
                      points="5.5 11.9993304 14 3.49933039 12.5 2 5.5 8.99933039 1.5 4.9968652 0 6.49933039"
                    />
                  </g>
                </svg>
              </td>
              <td
                class="css-1ai0fqu"
                role="gridcell"
              >
                <svg
                  class="chakra-icon css-1n9hd9c"
                  focusable="false"
                  viewBox="0 0 14 14"
                >
                  <g
                    fill="currentColor"
                  >
                    <polygon
                      points="5.5 11.9993304 14 3.49933039 12.5 2 5.5 8.99933039 1.5 4.9968652 0 6.49933039"
                    />
                  </g>
                </svg>
              </td>
              <td
                class="css-1ai0fqu"
                role="gridcell"
              >
                <svg
                  class="chakra-icon css-1n9hd9c"
                  focusable="false"
                  viewBox="0 0 14 14"
                >
                  <g
                    fill="currentColor"
                  >
                    <polygon
                      points="5.5 11.9993304 14 3.49933039 12.5 2 5.5 8.99933039 1.5 4.9968652 0 6.49933039"
                    />
                  </g>
                </svg>
              </td>
            </tr>
            <tr
              class="css-0"
              role="row"
            >
              <td
                class="css-1l7w1il"
                role="gridcell"
              >
                iptables
              </td>
              <td
                class="css-1ai0fqu"
                role="gridcell"
              >
                <svg
                  class="chakra-icon css-1n9hd9c"
                  focusable="false"
                  viewBox="0 0 14 14"
                >
                  <g
                    fill="currentColor"
                  >
                    <polygon
                      points="5.5 11.9993304 14 3.49933039 12.5 2 5.5 8.99933039 1.5 4.9968652 0 6.49933039"
                    />
                  </g>
                </svg>
              </td>
              <td
                class="css-1ai0fqu"
                role="gridcell"
              >
                <svg
                  class="chakra-icon css-1n9hd9c"
                  focusable="false"
                  viewBox="0 0 14 14"
                >
                  <g
                    fill="currentColor"
                  >
                    <polygon
                      points="5.5 11.9993304 14 3.49933039 12.5 2 5.5 8.99933039 1.5 4.9968652 0 6.49933039"
                    />
                  </g>
                </svg>
              </td>
              <td
                class="css-1ai0fqu"
                role="gridcell"
              >
                <svg
                  class="chakra-icon css-1n9hd9c"
                  focusable="false"
                  viewBox="0 0 14 14"
                >
                  <g
                    fill="currentColor"
                  >
                    <polygon
                      points="5.5 11.9993304 14 3.49933039 12.5 2 5.5 8.99933039 1.5 4.9968652 0 6.49933039"
                    />
                  </g>
                </svg>
              </td>
            </tr>
            <tr
              class="css-0"
              role="row"
            >
              <td
                class="css-1l7w1il"
                role="gridcell"
              >
                Windows HNS
              </td>
              <td
                class="css-1ai0fqu"
                role="gridcell"
              >
                <svg
                  class="chakra-icon css-1n9hd9c"
                  focusable="false"
                  viewBox="0 0 14 14"
                >
                  <g
                    fill="currentColor"
                  >
                    <polygon
                      points="5.5 11.9993304 14 3.49933039 12.5 2 5.5 8.99933039 1.5 4.9968652 0 6.49933039"
                    />
                  </g>
                </svg>
              </td>
              <td
                class="css-1ai0fqu"
                role="gridcell"
              >
                <svg
                  class="chakra-icon css-1n9hd9c"
                  focusable="false"
                  viewBox="0 0 14 14"
                >
                  <g
                    fill="currentColor"
                  >
                    <polygon
                      points="5.5 11.9993304 14 3.49933039 12.5 2 5.5 8.99933039 1.5 4.9968652 0 6.49933039"
                    />
                  </g>
                </svg>
              </td>
              <td
                class="css-1ai0fqu"
                role="gridcell"
              >
                <svg
                  class="chakra-icon css-1n9hd9c"
                  focusable="false"
                  viewBox="0 0 14 14"
                >
                  <g
                    fill="currentColor"
                  >
                    <polygon
                      points="5.5 11.9993304 14 3.49933039 12.5 2 5.5 8.99933039 1.5 4.9968652 0 6.49933039"
                    />
                  </g>
                </svg>
              </td>
            </tr>
            <tr
              class="css-0"
              role="row"
            >
              <td
                class="css-1l7w1il"
                role="gridcell"
              >
                VPP
              </td>
              <td
                class="css-1ai0fqu"
                role="gridcell"
              >
                <svg
                  class="chakra-icon css-1n9hd9c"
                  focusable="false"
                  viewBox="0 0 14 14"
                >
                  <g
                    fill="currentColor"
                  >
                    <polygon
                      points="5.5 11.9993304 14 3.49933039 12.5 2 5.5 8.99933039 1.5 4.9968652 0 6.49933039"
                    />
                  </g>
                </svg>
              </td>
              <td
                class="css-1ai0fqu"
                role="gridcell"
              />
              <td
                class="css-1ai0fqu"
                role="gridcell"
              />
            </tr>
          </tbody>
        </table>
      </div>
      <h3
        class="chakra-heading css-1uy7oy0"
      >
        Images
      </h3>
      <div
        class="chakra-table__container css-zipzvv"
      >
        <table
          class="chakra-table css-18fkk1m"
          role="table"
        >
          <thead
            class="css-0"
          >
            <tr
              class="css-0"
              role="row"
            >
              <th
                class="css-0"
              />
              <th
                class="css-hm6fgw"
              >
                Calico Open Source
              </th>
              <th
                class="css-hm6fgw"
              >
                Calico Enterprise
              </th>
              <th
                class="css-hm6fgw"
              >
                Calico Cloud
              </th>
            </tr>
          </thead>
          <tbody
            class="css-0"
          >
            <tr
              class="css-0"
              role="row"
            >
              <td
                class="css-1l7w1il"
                role="gridcell"
              >
                Scan images for vulnerabilities
              </td>
              <td
                class="css-1ai0fqu"
                role="gridcell"
              />
              <td
                class="css-1ai0fqu"
                role="gridcell"
              />
              <td
                class="css-1ai0fqu"
                role="gridcell"
              >
                <svg
                  class="chakra-icon css-1n9hd9c"
                  focusable="false"
                  viewBox="0 0 14 14"
                >
                  <g
                    fill="currentColor"
                  >
                    <polygon
                      points="5.5 11.9993304 14 3.49933039 12.5 2 5.5 8.99933039 1.5 4.9968652 0 6.49933039"
                    />
                  </g>
                </svg>
              </td>
            </tr>
            <tr
              class="css-0"
              role="row"
            >
              <td
                class="css-1l7w1il"
                role="gridcell"
              >
                Create policy to block vulnerable images from your clusters
              </td>
              <td
                class="css-1ai0fqu"
                role="gridcell"
              />
              <td
                class="css-1ai0fqu"
                role="gridcell"
              />
              <td
                class="css-1ai0fqu"
                role="gridcell"
              >
                <svg
                  class="chakra-icon css-1n9hd9c"
                  focusable="false"
                  viewBox="0 0 14 14"
                >
                  <g
                    fill="currentColor"
                  >
                    <polygon
                      points="5.5 11.9993304 14 3.49933039 12.5 2 5.5 8.99933039 1.5 4.9968652 0 6.49933039"
                    />
                  </g>
                </svg>
              </td>
            </tr>
          </tbody>
        </table>
      </div>
      <h3
        class="chakra-heading css-1uy7oy0"
      >
        Observability and troubleshooting
      </h3>
      <div
        class="chakra-table__container css-zipzvv"
      >
        <table
          class="chakra-table css-18fkk1m"
          role="table"
        >
          <thead
            class="css-0"
          >
            <tr
              class="css-0"
              role="row"
            >
              <th
                class="css-0"
              />
              <th
                class="css-hm6fgw"
              >
                Calico Open Source
              </th>
              <th
                class="css-hm6fgw"
              >
                Calico Enterprise
              </th>
              <th
                class="css-hm6fgw"
              >
                Calico Cloud
              </th>
            </tr>
          </thead>
          <tbody
            class="css-0"
          >
            <tr
              class="css-0"
              role="row"
            >
              <td
                class="css-1l7w1il"
                role="gridcell"
              >
                Application-level observability and troubleshooting
              </td>
              <td
                class="css-1ai0fqu"
                role="gridcell"
              />
              <td
                class="css-1ai0fqu"
                role="gridcell"
              >
                <svg
                  class="chakra-icon css-1n9hd9c"
                  focusable="false"
                  viewBox="0 0 14 14"
                >
                  <g
                    fill="currentColor"
                  >
                    <polygon
                      points="5.5 11.9993304 14 3.49933039 12.5 2 5.5 8.99933039 1.5 4.9968652 0 6.49933039"
                    />
                  </g>
                </svg>
              </td>
              <td
                class="css-1ai0fqu"
                role="gridcell"
              >
                <svg
                  class="chakra-icon css-1n9hd9c"
                  focusable="false"
                  viewBox="0 0 14 14"
                >
                  <g
                    fill="currentColor"
                  >
                    <polygon
                      points="5.5 11.9993304 14 3.49933039 12.5 2 5.5 8.99933039 1.5 4.9968652 0 6.49933039"
                    />
                  </g>
                </svg>
              </td>
            </tr>
            <tr
              class="css-0"
              role="row"
            >
              <td
                class="css-1l7w1il"
                role="gridcell"
              >
                Service Graph
              </td>
              <td
                class="css-1ai0fqu"
                role="gridcell"
              />
              <td
                class="css-1ai0fqu"
                role="gridcell"
              >
                <svg
                  class="chakra-icon css-1n9hd9c"
                  focusable="false"
                  viewBox="0 0 14 14"
                >
                  <g
                    fill="currentColor"
                  >
                    <polygon
                      points="5.5 11.9993304 14 3.49933039 12.5 2 5.5 8.99933039 1.5 4.9968652 0 6.49933039"
                    />
                  </g>
                </svg>
              </td>
              <td
                class="css-1ai0fqu"
                role="gridcell"
              >
                <svg
                  class="chakra-icon css-1n9hd9c"
                  focusable="false"
                  viewBox="0 0 14 14"
                >
                  <g
                    fill="currentColor"
                  >
                    <polygon
                      points="5.5 11.9993304 14 3.49933039 12.5 2 5.5 8.99933039 1.5 4.9968652 0 6.49933039"
                    />
                  </g>
                </svg>
              </td>
            </tr>
            <tr
              class="css-0"
              role="row"
            >
              <td
                class="css-1l7w1il"
                role="gridcell"
              >
                Elasticsearch  logs (flow, l7, audit, bgp, dns, events)
              </td>
              <td
                class="css-1ai0fqu"
                role="gridcell"
              />
              <td
                class="css-1ai0fqu"
                role="gridcell"
              >
                <svg
                  class="chakra-icon css-1n9hd9c"
                  focusable="false"
                  viewBox="0 0 14 14"
                >
                  <g
                    fill="currentColor"
                  >
                    <polygon
                      points="5.5 11.9993304 14 3.49933039 12.5 2 5.5 8.99933039 1.5 4.9968652 0 6.49933039"
                    />
                  </g>
                </svg>
              </td>
              <td
                class="css-1ai0fqu"
                role="gridcell"
              >
                <svg
                  class="chakra-icon css-1n9hd9c"
                  focusable="false"
                  viewBox="0 0 14 14"
                >
                  <g
                    fill="currentColor"
                  >
                    <polygon
                      points="5.5 11.9993304 14 3.49933039 12.5 2 5.5 8.99933039 1.5 4.9968652 0 6.49933039"
                    />
                  </g>
                </svg>
              </td>
            </tr>
            <tr
              class="css-0"
              role="row"
            >
              <td
                class="css-1l7w1il"
                role="gridcell"
              >
                Alerts
              </td>
              <td
                class="css-1ai0fqu"
                role="gridcell"
              />
              <td
                class="css-1ai0fqu"
                role="gridcell"
              >
                <svg
                  class="chakra-icon css-1n9hd9c"
                  focusable="false"
                  viewBox="0 0 14 14"
                >
                  <g
                    fill="currentColor"
                  >
                    <polygon
                      points="5.5 11.9993304 14 3.49933039 12.5 2 5.5 8.99933039 1.5 4.9968652 0 6.49933039"
                    />
                  </g>
                </svg>
              </td>
              <td
                class="css-1ai0fqu"
                role="gridcell"
              >
                <svg
                  class="chakra-icon css-1n9hd9c"
                  focusable="false"
                  viewBox="0 0 14 14"
                >
                  <g
                    fill="currentColor"
                  >
                    <polygon
                      points="5.5 11.9993304 14 3.49933039 12.5 2 5.5 8.99933039 1.5 4.9968652 0 6.49933039"
                    />
                  </g>
                </svg>
              </td>
            </tr>
            <tr
              class="css-0"
              role="row"
            >
              <td
                class="css-1l7w1il"
                role="gridcell"
              >
                Kibana DNS dashboards
              </td>
              <td
                class="css-1ai0fqu"
                role="gridcell"
              />
              <td
                class="css-1ai0fqu"
                role="gridcell"
              >
                <svg
                  class="chakra-icon css-1n9hd9c"
                  focusable="false"
                  viewBox="0 0 14 14"
                >
                  <g
                    fill="currentColor"
                  >
                    <polygon
                      points="5.5 11.9993304 14 3.49933039 12.5 2 5.5 8.99933039 1.5 4.9968652 0 6.49933039"
                    />
                  </g>
                </svg>
              </td>
              <td
                class="css-1ai0fqu"
                role="gridcell"
              >
                <svg
                  class="chakra-icon css-1n9hd9c"
                  focusable="false"
                  viewBox="0 0 14 14"
                >
                  <g
                    fill="currentColor"
                  >
                    <polygon
                      points="5.5 11.9993304 14 3.49933039 12.5 2 5.5 8.99933039 1.5 4.9968652 0 6.49933039"
                    />
                  </g>
                </svg>
              </td>
            </tr>
            <tr
              class="css-0"
              role="row"
            >
              <td
                class="css-1l7w1il"
                role="gridcell"
              >
                Traffic Flow Visualizer
              </td>
              <td
                class="css-1ai0fqu"
                role="gridcell"
              />
              <td
                class="css-1ai0fqu"
                role="gridcell"
              >
                <svg
                  class="chakra-icon css-1n9hd9c"
                  focusable="false"
                  viewBox="0 0 14 14"
                >
                  <g
                    fill="currentColor"
                  >
                    <polygon
                      points="5.5 11.9993304 14 3.49933039 12.5 2 5.5 8.99933039 1.5 4.9968652 0 6.49933039"
                    />
                  </g>
                </svg>
              </td>
              <td
                class="css-1ai0fqu"
                role="gridcell"
              >
                <svg
                  class="chakra-icon css-1n9hd9c"
                  focusable="false"
                  viewBox="0 0 14 14"
                >
                  <g
                    fill="currentColor"
                  >
                    <polygon
                      points="5.5 11.9993304 14 3.49933039 12.5 2 5.5 8.99933039 1.5 4.9968652 0 6.49933039"
                    />
                  </g>
                </svg>
              </td>
            </tr>
          </tbody>
        </table>
      </div>
      <h3
        class="chakra-heading css-1uy7oy0"
      >
        Multi-cluster management
      </h3>
      <div
        class="chakra-table__container css-zipzvv"
      >
        <table
          class="chakra-table css-18fkk1m"
          role="table"
        >
          <thead
            class="css-0"
          >
            <tr
              class="css-0"
              role="row"
            >
              <th
                class="css-0"
              />
              <th
                class="css-hm6fgw"
              >
                Calico Open Source
              </th>
              <th
                class="css-hm6fgw"
              >
                Calico Enterprise
              </th>
              <th
                class="css-hm6fgw"
              >
                Calico Cloud
              </th>
            </tr>
          </thead>
          <tbody
            class="css-0"
          >
            <tr
              class="css-0"
              role="row"
            >
              <td
                class="css-1l7w1il"
                role="gridcell"
              >
                Federated identity and services
              </td>
              <td
                class="css-1ai0fqu"
                role="gridcell"
              />
              <td
                class="css-1ai0fqu"
                role="gridcell"
              >
                <svg
                  class="chakra-icon css-1n9hd9c"
                  focusable="false"
                  viewBox="0 0 14 14"
                >
                  <g
                    fill="currentColor"
                  >
                    <polygon
                      points="5.5 11.9993304 14 3.49933039 12.5 2 5.5 8.99933039 1.5 4.9968652 0 6.49933039"
                    />
                  </g>
                </svg>
              </td>
              <td
                class="css-1ai0fqu"
                role="gridcell"
              >
                <svg
                  class="chakra-icon css-1n9hd9c"
                  focusable="false"
                  viewBox="0 0 14 14"
                >
                  <g
                    fill="currentColor"
                  >
                    <polygon
                      points="5.5 11.9993304 14 3.49933039 12.5 2 5.5 8.99933039 1.5 4.9968652 0 6.49933039"
                    />
                  </g>
                </svg>
              </td>
            </tr>
          </tbody>
        </table>
      </div>
      <h3
        class="chakra-heading css-1uy7oy0"
      >
        Threat defense
      </h3>
      <div
        class="chakra-table__container css-zipzvv"
      >
        <table
          class="chakra-table css-18fkk1m"
          role="table"
        >
          <thead
            class="css-0"
          >
            <tr
              class="css-0"
              role="row"
            >
              <th
                class="css-0"
              />
              <th
                class="css-hm6fgw"
              >
                Calico Open Source
              </th>
              <th
                class="css-hm6fgw"
              >
                Calico Enterprise
              </th>
              <th
                class="css-hm6fgw"
              >
                Calico Cloud
              </th>
            </tr>
          </thead>
          <tbody
            class="css-0"
          >
            <tr
              class="css-0"
              role="row"
            >
              <td
                class="css-1l7w1il"
                role="gridcell"
              >
                Anomaly detection
              </td>
              <td
                class="css-1ai0fqu"
                role="gridcell"
              />
              <td
                class="css-1ai0fqu"
                role="gridcell"
              >
                <svg
                  class="chakra-icon css-1n9hd9c"
                  focusable="false"
                  viewBox="0 0 14 14"
                >
                  <g
                    fill="currentColor"
                  >
                    <polygon
                      points="5.5 11.9993304 14 3.49933039 12.5 2 5.5 8.99933039 1.5 4.9968652 0 6.49933039"
                    />
                  </g>
                </svg>
              </td>
              <td
                class="css-1ai0fqu"
                role="gridcell"
              >
                <svg
                  class="chakra-icon css-1n9hd9c"
                  focusable="false"
                  viewBox="0 0 14 14"
                >
                  <g
                    fill="currentColor"
                  >
                    <polygon
                      points="5.5 11.9993304 14 3.49933039 12.5 2 5.5 8.99933039 1.5 4.9968652 0 6.49933039"
                    />
                  </g>
                </svg>
              </td>
            </tr>
            <tr
              class="css-0"
              role="row"
            >
              <td
                class="css-1l7w1il"
                role="gridcell"
              >
                Container threat detection
              </td>
              <td
                class="css-1ai0fqu"
                role="gridcell"
              />
              <td
                class="css-1ai0fqu"
                role="gridcell"
              />
              <td
                class="css-1ai0fqu"
                role="gridcell"
              >
                <svg
                  class="chakra-icon css-1n9hd9c"
                  focusable="false"
                  viewBox="0 0 14 14"
                >
                  <g
                    fill="currentColor"
                  >
                    <polygon
                      points="5.5 11.9993304 14 3.49933039 12.5 2 5.5 8.99933039 1.5 4.9968652 0 6.49933039"
                    />
                  </g>
                </svg>
              </td>
            </tr>
            <tr
              class="css-0"
              role="row"
            >
              <td
                class="css-1l7w1il"
                role="gridcell"
              >
                Workload-centric Web Application Firewall (WAF)
              </td>
              <td
                class="css-1ai0fqu"
                role="gridcell"
              />
              <td
                class="css-1ai0fqu"
                role="gridcell"
              >
                <svg
                  class="chakra-icon css-1n9hd9c"
                  focusable="false"
                  viewBox="0 0 14 14"
                >
                  <g
                    fill="currentColor"
                  >
                    <polygon
                      points="5.5 11.9993304 14 3.49933039 12.5 2 5.5 8.99933039 1.5 4.9968652 0 6.49933039"
                    />
                  </g>
                </svg>
              </td>
              <td
                class="css-1ai0fqu"
                role="gridcell"
              >
                <svg
                  class="chakra-icon css-1n9hd9c"
                  focusable="false"
                  viewBox="0 0 14 14"
                >
                  <g
                    fill="currentColor"
                  >
                    <polygon
                      points="5.5 11.9993304 14 3.49933039 12.5 2 5.5 8.99933039 1.5 4.9968652 0 6.49933039"
                    />
                  </g>
                </svg>
              </td>
            </tr>
            <tr
              class="css-0"
              role="row"
            >
              <td
                class="css-1l7w1il"
                role="gridcell"
              >
                Honeypods to view intruder activity
              </td>
              <td
                class="css-1ai0fqu"
                role="gridcell"
              />
              <td
                class="css-1ai0fqu"
                role="gridcell"
              >
                <svg
                  class="chakra-icon css-1n9hd9c"
                  focusable="false"
                  viewBox="0 0 14 14"
                >
                  <g
                    fill="currentColor"
                  >
                    <polygon
                      points="5.5 11.9993304 14 3.49933039 12.5 2 5.5 8.99933039 1.5 4.9968652 0 6.49933039"
                    />
                  </g>
                </svg>
              </td>
              <td
                class="css-1ai0fqu"
                role="gridcell"
              >
                <svg
                  class="chakra-icon css-1n9hd9c"
                  focusable="false"
                  viewBox="0 0 14 14"
                >
                  <g
                    fill="currentColor"
                  >
                    <polygon
                      points="5.5 11.9993304 14 3.49933039 12.5 2 5.5 8.99933039 1.5 4.9968652 0 6.49933039"
                    />
                  </g>
                </svg>
              </td>
            </tr>
            <tr
              class="css-0"
              role="row"
            >
              <td
                class="css-1l7w1il"
                role="gridcell"
              >
                Add threatfeeds to trace suspicious network flows
              </td>
              <td
                class="css-1ai0fqu"
                role="gridcell"
              />
              <td
                class="css-1ai0fqu"
                role="gridcell"
              >
                <svg
                  class="chakra-icon css-1n9hd9c"
                  focusable="false"
                  viewBox="0 0 14 14"
                >
                  <g
                    fill="currentColor"
                  >
                    <polygon
                      points="5.5 11.9993304 14 3.49933039 12.5 2 5.5 8.99933039 1.5 4.9968652 0 6.49933039"
                    />
                  </g>
                </svg>
              </td>
              <td
                class="css-1ai0fqu"
                role="gridcell"
              >
                <svg
                  class="chakra-icon css-1n9hd9c"
                  focusable="false"
                  viewBox="0 0 14 14"
                >
                  <g
                    fill="currentColor"
                  >
                    <polygon
                      points="5.5 11.9993304 14 3.49933039 12.5 2 5.5 8.99933039 1.5 4.9968652 0 6.49933039"
                    />
                  </g>
                </svg>
              </td>
            </tr>
          </tbody>
        </table>
      </div>
      <h3
        class="chakra-heading css-1uy7oy0"
      >
        Reports
      </h3>
      <div
        class="chakra-table__container css-zipzvv"
      >
        <table
          class="chakra-table css-18fkk1m"
          role="table"
        >
          <thead
            class="css-0"
          >
            <tr
              class="css-0"
              role="row"
            >
              <th
                class="css-0"
              />
              <th
                class="css-hm6fgw"
              >
                Calico Open Source
              </th>
              <th
                class="css-hm6fgw"
              >
                Calico Enterprise
              </th>
              <th
                class="css-hm6fgw"
              >
                Calico Cloud
              </th>
            </tr>
          </thead>
          <tbody
            class="css-0"
          >
            <tr
              class="css-0"
              role="row"
            >
              <td
                class="css-1l7w1il"
                role="gridcell"
              >
                Compliance reports
              </td>
              <td
                class="css-1ai0fqu"
                role="gridcell"
              />
              <td
                class="css-1ai0fqu"
                role="gridcell"
              >
                <svg
                  class="chakra-icon css-1n9hd9c"
                  focusable="false"
                  viewBox="0 0 14 14"
                >
                  <g
                    fill="currentColor"
                  >
                    <polygon
                      points="5.5 11.9993304 14 3.49933039 12.5 2 5.5 8.99933039 1.5 4.9968652 0 6.49933039"
                    />
                  </g>
                </svg>
              </td>
              <td
                class="css-1ai0fqu"
                role="gridcell"
              >
                <svg
                  class="chakra-icon css-1n9hd9c"
                  focusable="false"
                  viewBox="0 0 14 14"
                >
                  <g
                    fill="currentColor"
                  >
                    <polygon
                      points="5.5 11.9993304 14 3.49933039 12.5 2 5.5 8.99933039 1.5 4.9968652 0 6.49933039"
                    />
                  </g>
                </svg>
              </td>
            </tr>
            <tr
              class="css-0"
              role="row"
            >
              <td
                class="css-1l7w1il"
                role="gridcell"
              >
                CIS benchmark reports
              </td>
              <td
                class="css-1ai0fqu"
                role="gridcell"
              />
              <td
                class="css-1ai0fqu"
                role="gridcell"
              >
                <svg
                  class="chakra-icon css-1n9hd9c"
                  focusable="false"
                  viewBox="0 0 14 14"
                >
                  <g
                    fill="currentColor"
                  >
                    <polygon
                      points="5.5 11.9993304 14 3.49933039 12.5 2 5.5 8.99933039 1.5 4.9968652 0 6.49933039"
                    />
                  </g>
                </svg>
              </td>
              <td
                class="css-1ai0fqu"
                role="gridcell"
              >
                <svg
                  class="chakra-icon css-1n9hd9c"
                  focusable="false"
                  viewBox="0 0 14 14"
                >
                  <g
                    fill="currentColor"
                  >
                    <polygon
                      points="5.5 11.9993304 14 3.49933039 12.5 2 5.5 8.99933039 1.5 4.9968652 0 6.49933039"
                    />
                  </g>
                </svg>
              </td>
            </tr>
          </tbody>
        </table>
      </div>
      <h3
        class="chakra-heading css-1uy7oy0"
      >
        Monitor Calico components
      </h3>
      <div
        class="chakra-table__container css-zipzvv"
      >
        <table
          class="chakra-table css-18fkk1m"
          role="table"
        >
          <thead
            class="css-0"
          >
            <tr
              class="css-0"
              role="row"
            >
              <th
                class="css-0"
              />
              <th
                class="css-hm6fgw"
              >
                Calico Open Source
              </th>
              <th
                class="css-hm6fgw"
              >
                Calico Enterprise
              </th>
              <th
                class="css-hm6fgw"
              >
                Calico Cloud
              </th>
            </tr>
          </thead>
          <tbody
            class="css-0"
          >
            <tr
              class="css-0"
              role="row"
            >
              <td
                class="css-1l7w1il"
                role="gridcell"
              >
                Prometheus
              </td>
              <td
                class="css-1ai0fqu"
                role="gridcell"
              >
                <svg
                  class="chakra-icon css-1n9hd9c"
                  focusable="false"
                  viewBox="0 0 14 14"
                >
                  <g
                    fill="currentColor"
                  >
                    <polygon
                      points="5.5 11.9993304 14 3.49933039 12.5 2 5.5 8.99933039 1.5 4.9968652 0 6.49933039"
                    />
                  </g>
                </svg>
              </td>
              <td
                class="css-1ai0fqu"
                role="gridcell"
              >
                <svg
                  class="chakra-icon css-1n9hd9c"
                  focusable="false"
                  viewBox="0 0 14 14"
                >
                  <g
                    fill="currentColor"
                  >
                    <polygon
                      points="5.5 11.9993304 14 3.49933039 12.5 2 5.5 8.99933039 1.5 4.9968652 0 6.49933039"
                    />
                  </g>
                </svg>
              </td>
              <td
                class="css-1ai0fqu"
                role="gridcell"
              >
                <svg
                  class="chakra-icon css-1n9hd9c"
                  focusable="false"
                  viewBox="0 0 14 14"
                >
                  <g
                    fill="currentColor"
                  >
                    <polygon
                      points="5.5 11.9993304 14 3.49933039 12.5 2 5.5 8.99933039 1.5 4.9968652 0 6.49933039"
                    />
                  </g>
                </svg>
              </td>
            </tr>
          </tbody>
        </table>
      </div>
    </div>
  </div>
</DocumentFragment>
`;
