// Jest Snapshot v1, https://goo.gl/fbAQLP

exports[`<ProductComparison/> should render the ProductComparison component 1`] = `
<DocumentFragment>
  <div
    class="css-5oi0tj"
  >
    <h2
      class="chakra-heading css-17pfrz0"
    >
      Best fit
    </h2>
    <div
      class="css-pxggq3"
    >
      <div
        class="chakra-table__container css-zipzvv"
      >
        <table
          class="chakra-table css-1mx2k2n"
        >
          <tbody
            class="css-0"
          >
            <tr
              class="css-0"
            >
              <td
                class="css-xi606m"
              >
                <div
                  class="css-1ki4hma"
                >
                  <img
                    class="chakra-image css-1wsuzl7"
                    loading="lazy"
                    src="img/calico-logo-badge.svg"
                  />
                </div>
                Calico Open Source
              </td>
              <td
                class="css-0"
              >
                <b>
                  <p
                    class="chakra-text css-0"
                  >
                    Free, self-managed
                  </p>
                </b>
              </td>
              <td
                class="css-0"
              >
                <b>
                  Users
                </b>
                <p
                  class="chakra-text css-0"
                >
                   - Who want best-in-class networking and network policy capabilities.
                </p>
                <b />
              </td>
            </tr>
            <tr
              class="css-0"
            >
              <td
                class="css-xi606m"
              >
                <div
                  class="css-1ki4hma"
                >
                  <img
                    class="chakra-image css-1wsuzl7"
                    loading="lazy"
                    src="/img/calico-enterprise-logo-badge.svg"
                  />
                </div>
                Calico Enterprise
              </td>
              <td
                class="css-0"
              >
                <b>
                  <p
                    class="chakra-text css-0"
                  >
                    Paid, self-managed
                  </p>
                </b>
              </td>
              <td
                class="css-0"
              >
                <b>
                  Enterprise teams
                </b>
                <p
                  class="chakra-text css-0"
                >
                   - Who need full control to customize their networking security deployment to meet regulatory and
                </p>
                <p
                  class="chakra-text css-0"
                >
                   compliance requirements for Kubernetes at scale.
                </p>
                <p
                  class="chakra-text css-0"
                >
                   - Who want Tigera Customer Support for day-zero to production best practices
                </p>
                <p
                  class="chakra-text css-0"
                >
                   custom training and workshops, and Solution Architects to customize solutions.
                </p>
                <b />
              </td>
            </tr>
            <tr
              class="css-0"
            >
              <td
                class="css-xi606m"
              >
                <div
                  class="css-1ki4hma"
                >
                  <img
                    class="chakra-image css-1wsuzl7"
                    loading="lazy"
                    src="/img/calico-cloud-logo-badge.svg"
                  />
                </div>
                Calico Cloud
              </td>
              <td
                class="css-0"
              >
                <b>
                  <p
                    class="chakra-text css-0"
                  >
                    Pay-as-you-go, SaaS
                  </p>
                </b>
              </td>
              <td
                class="css-0"
              >
                <b>
                  Small teams
                </b>
                <p
                  class="chakra-text css-0"
                >
                   - Who need to manage the full spectrum of compliance in a web-based console for novice users:
                </p>
                <p
                  class="chakra-text css-0"
                >
                    - Secure clusters, pods, and applications
                </p>
                <p
                  class="chakra-text css-0"
                >
                    - Scan images for vulnerabilities
                </p>
                <p
                  class="chakra-text css-0"
                >
                    - Web-based UI for visibility to troubleshoot Kubernetes
                </p>
                <p
                  class="chakra-text css-0"
                >
                    - Detect and mitigate threats
                </p>
                <p
                  class="chakra-text css-0"
                >
                    - Run compliance reports
                </p>
                <b>
                  Enterprise teams
                </b>
                <p
                  class="chakra-text css-0"
                >
                   - Who want to scale their Calico Enterprise on-premises deployments by providing more self-service to developers.
                </p>
              </td>
            </tr>
          </tbody>
        </table>
      </div>
    </div>
  </div>
</DocumentFragment>
`;
