// Jest Snapshot v1, https://jestjs.io/docs/snapshot-testing

exports[`<Explore/> should render the Explore component 1`] = `
<DocumentFragment>
  <div
    class="css-1xuj0g6"
  >
    <h2
      class="chakra-heading css-17pfrz0"
    >
      Explore the basics...
    </h2>
    <div
      class="chakra-stack css-1mtxuht"
    >
      <div
        class="css-0"
      >
        <div
          class="css-16184rp"
        >
          <p
            class="chakra-text css-pb7mbv"
          >
            What is Calico Open Source?
          </p>
          <p
            class="chakra-text css-3u4gm1"
          >
            Calico Open Source is a free, self-managed networking and security solution for containers, virtual machines, and native host-based workloads. Calico provides networking, network policy, and IP address management capabilities for your cloud-native applications.
          </p>
        </div>
      </div>
      <div
        class="css-0"
      >
        <div
          class="css-16184rp"
        >
          <p
            class="chakra-text css-pb7mbv"
          >
            What is Calico Enterprise?
          </p>
          <p
            class="chakra-text css-3u4gm1"
          >
            Calico Enterprise is a paid, self-managed security and observability solution for containers and Kubernetes. Calico Enterprise extends Calico Open Source’s networking and network security capabilities to offer more advanced security and observability capabilities for organizations running Kubernetes at scale.
          </p>
        </div>
      </div>
      <div
        class="css-0"
      >
        <div
          class="css-16184rp"
        >
          <p
            class="chakra-text css-pb7mbv"
          >
            What is Calico Cloud?
          </p>
          <p
            class="chakra-text css-3u4gm1"
          >
            Calico Cloud is a pay-as-you-go, SaaS application that provides comprehensive container security across the entire container lifecycle (build, deploy, runtime). In addition to being a fully-managed version of Calico Enterprise, Calico Cloud provides container image scanning and more advanced threat detection capabilities.
          </p>
        </div>
      </div>
    </div>
  </div>
</DocumentFragment>
`;
