// Jest Snapshot v1, https://jestjs.io/docs/snapshot-testing

exports[`<HomepageHeader/> should render the HomepageHeader component 1`] = `
<DocumentFragment>
  <div
    class="css-mrhu8m"
  >
    <img
      alt="Calico logo"
      class="chakra-image css-1xtv5a4"
      src="/img/Calico-logo-2026-badge.svg"
    />
    <div
      class="css-1ek7zwf"
    >
      <div
        class="css-1o5xzki"
      >
        <div
          class="css-q43csh"
        >
          <h1
            class="chakra-heading css-a8lha7"
          >
            Test title
          </h1>
          <p
            class="chakra-text css-g29wr0"
          >
            Test tagline
          </p>
        </div>
      </div>
    </div>
  </div>
</DocumentFragment>
`;
